[DB] Conexión a MySQL exitosa
[DB] Modelos sincronizados
[CRON] Scheduler de recordatorios iniciado
[SERVER] CRM WOW corriendo en http://localhost:3001
[0mGET /api [33m404[0m 5.864 ms - 142[0m
[0mPOST /api/auth/login [32m200[0m 142.964 ms - 322[0m
[0mGET /api/reportes/resumen [32m200[0m 107.055 ms - 124[0m
[0mGET /api/reportes/cotizaciones-por-estado [32m200[0m 72.453 ms - 55[0m
[0mGET /api/reportes/ventas-por-ejecutivo [32m200[0m 73.310 ms - 237[0m
[0mGET /api/reportes/top-clientes?limit=1 [32m200[0m 51.467 ms - 227[0m
[0mGET /api/reportes/conversion-por-ejecutivo [32m200[0m 52.565 ms - 313[0m
[0mGET /api/reportes/flujo-mensual?meses=6 [32m200[0m 75.254 ms - 521[0m
[0mGET /api/recordatorios [32m200[0m 18.124 ms - 2[0m
[0mGET /api/reportes/resumen [36m304[0m 31.435 ms - -[0m
[0mGET /api/reportes/cotizaciones-por-estado [36m304[0m 24.960 ms - -[0m
[0mGET /api/reportes/ventas-por-ejecutivo [36m304[0m 27.581 ms - -[0m
[0mGET /api/reportes/top-clientes?limit=1 [36m304[0m 27.792 ms - -[0m
[0mGET /api/reportes/conversion-por-ejecutivo [36m304[0m 29.228 ms - -[0m
[0mGET /api/reportes/flujo-mensual?meses=6 [36m304[0m 11.413 ms - -[0m
[0mGET /api/recordatorios [36m304[0m 8.010 ms - -[0m
[0mGET /api/proveedores [32m200[0m 10.966 ms - 335[0m
[0mGET /api/proveedores [36m304[0m 3.794 ms - -[0m
[0mGET /api/cotizaciones [32m200[0m 19.522 ms - 2473[0m
[0mGET /api/clientes [32m200[0m 17.729 ms - 1056[0m
[0mGET /api/cotizaciones [36m304[0m 12.866 ms - -[0m
[0mGET /api/clientes [36m304[0m 9.999 ms - -[0m
[0mGET /api/facturas [32m200[0m 12.745 ms - 990[0m
[0mGET /api/facturas/ordenes-facturables [32m200[0m 16.361 ms - 2[0m
[0mGET /api/facturas [36m304[0m 9.043 ms - -[0m
[0mGET /api/facturas/ordenes-facturables [36m304[0m 11.290 ms - -[0m
[0mGET /api/clientes [36m304[0m 16.365 ms - -[0m
[0mGET /api/oportunidades [32m200[0m 12.928 ms - 2[0m
[0mGET /api/clientes [36m304[0m 13.237 ms - -[0m
[0mGET /api/oportunidades [36m304[0m 10.310 ms - -[0m
[0mGET /api/clientes [36m304[0m 9.344 ms - -[0m
[0mGET /api/recordatorios [36m304[0m 7.482 ms - -[0m
[0mGET /api/clientes [36m304[0m 11.244 ms - -[0m
[0mGET /api/recordatorios [36m304[0m 10.904 ms - -[0m
[0mGET /api/reportes/resumen?meses=6 [32m200[0m 46.718 ms - 124[0m
[0mGET /api/reportes/conversion-por-ejecutivo?meses=6 [32m200[0m 19.397 ms - 313[0m
[0mGET /api/reportes/ventas-por-ejecutivo?meses=6 [32m200[0m 28.355 ms - 237[0m
[0mGET /api/reportes/cotizaciones-por-estado?meses=6 [32m200[0m 29.992 ms - 55[0m
[0mGET /api/reportes/top-clientes?meses=6 [32m200[0m 30.200 ms - 227[0m
[0mGET /api/ejecutivos [32m200[0m 14.523 ms - 581[0m
[0mGET /api/reportes/correlativo-cotizaciones? [32m200[0m 75.613 ms - 1478[0m
[0mGET /api/reportes/flujo-mensual?meses=6 [36m304[0m 34.647 ms - -[0m
[0mGET /api/clientes [36m304[0m 38.060 ms - -[0m
[0mGET /api/reportes/conversion-por-ejecutivo?meses=6 [36m304[0m 24.318 ms - -[0m
[0mGET /api/reportes/resumen?meses=6 [36m304[0m 55.096 ms - -[0m
[0mGET /api/reportes/ventas-por-ejecutivo?meses=6 [36m304[0m 28.763 ms - -[0m
[0mGET /api/reportes/cotizaciones-por-estado?meses=6 [36m304[0m 14.272 ms - -[0m
[0mGET /api/reportes/top-clientes?meses=6 [36m304[0m 29.639 ms - -[0m
[0mGET /api/ejecutivos [36m304[0m 19.396 ms - -[0m
[0mGET /api/reportes/correlativo-cotizaciones? [36m304[0m 27.095 ms - -[0m
[0mGET /api/reportes/flujo-mensual?meses=6 [36m304[0m 19.050 ms - -[0m
[0mGET /api/clientes [36m304[0m 12.881 ms - -[0m
[0mGET /api/ejecutivos [36m304[0m 7.705 ms - -[0m
[0mGET /api/ejecutivos [36m304[0m 6.674 ms - -[0m
[0mGET /api/reportes/resumen [36m304[0m 16.558 ms - -[0m
[0mGET /api/reportes/conversion-por-ejecutivo [36m304[0m 29.164 ms - -[0m
[0mGET /api/reportes/cotizaciones-por-estado [36m304[0m 21.713 ms - -[0m
[0mGET /api/reportes/flujo-mensual?meses=6 [36m304[0m 22.010 ms - -[0m
[0mGET /api/reportes/ventas-por-ejecutivo [36m304[0m 33.364 ms - -[0m
[0mGET /api/reportes/top-clientes?limit=1 [36m304[0m 24.063 ms - -[0m
[0mGET /api/recordatorios [36m304[0m 21.164 ms - -[0m
[0mGET /api/reportes/resumen [36m304[0m 35.979 ms - -[0m
[0mGET /api/reportes/conversion-por-ejecutivo [36m304[0m 30.290 ms - -[0m
[0mGET /api/reportes/cotizaciones-por-estado [36m304[0m 29.642 ms - -[0m
[0mGET /api/reportes/flujo-mensual?meses=6 [36m304[0m 23.140 ms - -[0m
[0mGET /api/reportes/ventas-por-ejecutivo [36m304[0m 21.535 ms - -[0m
[0mGET /api/reportes/top-clientes?limit=1 [36m304[0m 22.129 ms - -[0m
[0mGET /api/recordatorios [36m304[0m 4.668 ms - -[0m
[0mGET /api/clientes [36m304[0m 22.583 ms - -[0m
[0mGET /api/ejecutivos [36m304[0m 11.985 ms - -[0m
[0mGET /api/config/tipos-cliente [32m200[0m 28.535 ms - 579[0m
[0mGET /api/clientes [36m304[0m 10.339 ms - -[0m
[0mGET /api/ejecutivos [36m304[0m 13.904 ms - -[0m
[0mGET /api/config/tipos-cliente [36m304[0m 13.065 ms - -[0m
[0mGET /api/proveedores [36m304[0m 10.906 ms - -[0m
[0mGET /api/proveedores [36m304[0m 6.065 ms - -[0m
[0mGET /api/proveedores/1/historial [32m200[0m 13.824 ms - 616[0m
[0mGET /api/proveedores/1/historial [36m304[0m 6.036 ms - -[0m
[0mGET /api/proveedores [36m304[0m 14.688 ms - -[0m
[0mGET /api/proveedores [36m304[0m 7.989 ms - -[0m
[0mGET /api/marcas [32m200[0m 10.986 ms - 179[0m
[0mGET /api/marcas [36m304[0m 4.707 ms - -[0m
[0mGET /api/marcas/1/historial [32m200[0m 19.141 ms - 457[0m
[0mGET /api/marcas/1/historial [36m304[0m 5.714 ms - -[0m
[0mGET /api/cotizaciones [36m304[0m 15.001 ms - -[0m
[0mGET /api/clientes [36m304[0m 23.347 ms - -[0m
[0mGET /api/cotizaciones [36m304[0m 9.716 ms - -[0m
[0mGET /api/clientes [36m304[0m 9.582 ms - -[0m
[0mGET /api/ordenes [32m200[0m 15.193 ms - 931[0m
[0mGET /api/ordenes/cotizaciones-aprobadas [32m200[0m 25.564 ms - 1343[0m
[0mGET /api/ordenes [36m304[0m 7.147 ms - -[0m
[0mGET /api/ordenes/cotizaciones-aprobadas [36m304[0m 15.839 ms - -[0m
[0mGET /api/facturas [36m304[0m 25.661 ms - -[0m
[0mGET /api/facturas/ordenes-facturables [36m304[0m 22.651 ms - -[0m
[0mGET /api/facturas [36m304[0m 12.910 ms - -[0m
[0mGET /api/facturas/ordenes-facturables [36m304[0m 12.731 ms - -[0m
[0mGET /api/clientes [36m304[0m 11.200 ms - -[0m
[0mGET /api/actividades [32m200[0m 16.918 ms - 2[0m
[0mGET /api/clientes [36m304[0m 10.036 ms - -[0m
[0mGET /api/actividades [36m304[0m 5.589 ms - -[0m
[0mGET /api/cotizaciones [36m304[0m 13.448 ms - -[0m
[0mGET /api/clientes [36m304[0m 13.951 ms - -[0m
[0mGET /api/cotizaciones [36m304[0m 13.767 ms - -[0m
[0mGET /api/clientes [36m304[0m 8.541 ms - -[0m
[0mGET /api/clientes [36m304[0m 11.851 ms - -[0m
[0mGET /api/actividades [36m304[0m 11.959 ms - -[0m
[0mGET /api/clientes [36m304[0m 12.605 ms - -[0m
[0mGET /api/actividades [36m304[0m 11.585 ms - -[0m
[0mGET /api/clientes [36m304[0m 20.300 ms - -[0m
[0mGET /api/oportunidades [36m304[0m 20.814 ms - -[0m
[0mGET /api/clientes [36m304[0m 13.392 ms - -[0m
[0mGET /api/oportunidades [36m304[0m 8.408 ms - -[0m
[0mGET /api/clientes [36m304[0m 13.418 ms - -[0m
[0mGET /api/recordatorios [36m304[0m 21.050 ms - -[0m
[0mGET /api/clientes [36m304[0m 11.551 ms - -[0m
[0mGET /api/recordatorios [36m304[0m 8.342 ms - -[0m
[0mGET /api/reportes/resumen?meses=6 [36m304[0m 53.729 ms - -[0m
[0mGET /api/reportes/cotizaciones-por-estado?meses=6 [36m304[0m 26.937 ms - -[0m
[0mGET /api/reportes/ventas-por-ejecutivo?meses=6 [36m304[0m 41.034 ms - -[0m
[0mGET /api/reportes/conversion-por-ejecutivo?meses=6 [36m304[0m 34.010 ms - -[0m
[0mGET /api/reportes/flujo-mensual?meses=6 [36m304[0m 40.716 ms - -[0m
[0mGET /api/reportes/top-clientes?meses=6 [36m304[0m 34.476 ms - -[0m
[0mGET /api/clientes [36m304[0m 14.757 ms - -[0m
[0mGET /api/ejecutivos [36m304[0m 21.412 ms - -[0m
[0mGET /api/reportes/correlativo-cotizaciones? [36m304[0m 65.669 ms - -[0m
[0mGET /api/reportes/resumen?meses=6 [36m304[0m 53.895 ms - -[0m
[0mGET /api/reportes/cotizaciones-por-estado?meses=6 [36m304[0m 34.224 ms - -[0m
[0mGET /api/reportes/ventas-por-ejecutivo?meses=6 [36m304[0m 26.779 ms - -[0m
[0mGET /api/reportes/conversion-por-ejecutivo?meses=6 [36m304[0m 19.389 ms - -[0m
[0mGET /api/reportes/flujo-mensual?meses=6 [36m304[0m 20.438 ms - -[0m
[0mGET /api/reportes/top-clientes?meses=6 [36m304[0m 17.848 ms - -[0m
[0mGET /api/clientes [36m304[0m 14.304 ms - -[0m
[0mGET /api/ejecutivos [36m304[0m 14.334 ms - -[0m
[0mGET /api/reportes/correlativo-cotizaciones? [36m304[0m 16.962 ms - -[0m
[0mGET /api/config/tipos-cliente [36m304[0m 6.517 ms - -[0m
[0mGET /api/config/tipos-cliente [36m304[0m 5.020 ms - -[0m
[0mGET /api/reportes/resumen [36m304[0m 76.908 ms - -[0m
[0mGET /api/reportes/cotizaciones-por-estado [36m304[0m 57.972 ms - -[0m
[0mGET /api/reportes/ventas-por-ejecutivo [36m304[0m 59.831 ms - -[0m
[0mGET /api/reportes/conversion-por-ejecutivo [36m304[0m 66.834 ms - -[0m
[0mGET /api/reportes/flujo-mensual?meses=6 [36m304[0m 62.442 ms - -[0m
[0mGET /api/reportes/top-clientes?limit=1 [36m304[0m 64.190 ms - -[0m
[0mGET /api/recordatorios [36m304[0m 12.146 ms - -[0m
[0mGET /api/reportes/resumen [36m304[0m 42.395 ms - -[0m
[0mGET /api/reportes/cotizaciones-por-estado [36m304[0m 34.433 ms - -[0m
[0mGET /api/reportes/ventas-por-ejecutivo [36m304[0m 34.797 ms - -[0m
[0mGET /api/reportes/conversion-por-ejecutivo [36m304[0m 35.677 ms - -[0m
[0mGET /api/reportes/flujo-mensual?meses=6 [36m304[0m 27.561 ms - -[0m
[0mGET /api/reportes/top-clientes?limit=1 [36m304[0m 24.134 ms - -[0m
[0mGET /api/recordatorios [36m304[0m 5.464 ms - -[0m
[0mGET /api/clientes [36m304[0m 19.114 ms - -[0m
[0mGET /api/config/tipos-cliente [36m304[0m 15.552 ms - -[0m
[0mGET /api/ejecutivos [36m304[0m 15.818 ms - -[0m
[0mGET /api/clientes [36m304[0m 14.959 ms - -[0m
[0mGET /api/config/tipos-cliente [36m304[0m 12.996 ms - -[0m
[0mGET /api/ejecutivos [36m304[0m 13.829 ms - -[0m
